type number =
  string /* pattern "\\d+" */
;

type variable =
  string /* pattern "\\a\\w*" */
;

type comment =
  string /* pattern "#.*" */
;

type expression =
  [
  | `Case0(
      variable
    )
  | `Case1(
      number
    )
  | `Case2(
      (
          expression
        ,
          string /* "+" */
        ,
          expression
      )
    )
  | `Case3(
      (
          expression
        ,
          string /* "-" */
        ,
          expression
      )
    )
  | `Case4(
      (
          expression
        ,
          string /* "*" */
        ,
          expression
      )
    )
  | `Case5(
      (
          expression
        ,
          string /* "/" */
        ,
          expression
      )
    )
  | `Case6(
      (
          expression
        ,
          string /* "^" */
        ,
          expression
      )
    )
  ]
;

type assignment_statement =
  (
      variable
    ,
      string /* "=" */
    ,
      expression
    ,
      string /* ";" */
  )
;

type expression_statement =
  (
      expression
    ,
      string /* ";" */
  )
;

type program =
  list( /* zero or more */
    [
    | `Case0(
        assignment_statement
      )
    | `Case1(
        expression_statement
      )
    ]
  )
;
